PowerShell 7.5.3
PS C:\Users\salah_kandil> git
usage: git [-v | --version] [-h | --help] [-C <path>] [-c <name>=<value>]
           [--exec-path[=<path>]] [--html-path] [--man-path] [--info-path]
           [-p | --paginate | -P | --no-pager] [--no-replace-objects] [--no-lazy-fetch]
           [--no-optional-locks] [--no-advice] [--bare] [--git-dir=<path>]
           [--work-tree=<path>] [--namespace=<name>] [--config-env=<name>=<envvar>]
           <command> [<args>]

These are common Git commands used in various situations:

start a working area (see also: git help tutorial)
   clone      Clone a repository into a new directory
   init       Create an empty Git repository or reinitialize an existing one

work on the current change (see also: git help everyday)
   add        Add file contents to the index
   mv         Move or rename a file, a directory, or a symlink
   restore    Restore working tree files
   rm         Remove files from the working tree and from the index

examine the history and state (see also: git help revisions)
   bisect     Use binary search to find the commit that introduced a bug
   diff       Show changes between commits, commit and working tree, etc
   grep       Print lines matching a pattern
   log        Show commit logs
   show       Show various types of objects
   status     Show the working tree status

grow, mark and tweak your common history
   backfill   Download missing objects in a partial clone
   branch     List, create, or delete branches
   commit     Record changes to the repository
   merge      Join two or more development histories together
   rebase     Reapply commits on top of another base tip
   reset      Reset current HEAD to the specified state
   switch     Switch branches
   tag        Create, list, delete or verify a tag object signed with GPG

collaborate (see also: git help workflows)
   fetch      Download objects and refs from another repository
   pull       Fetch from and integrate with another repository or a local branch
   push       Update remote refs along with associated objects

'git help -a' and 'git help -g' list available subcommands and some
concept guides. See 'git help <command>' or 'git help <concept>'
to read about a specific subcommand or concept.
See 'git help git' for an overview of the system.
PS C:\Users\salah_kandil> ls

    Directory: C:\Users\salah_kandil

Mode                 LastWriteTime         Length Name
----                 -------------         ------ ----
d----           1/19/2025 10:10 PM                .vscode
d-r--           1/19/2025 10:00 PM                Contacts
d-r--          10/12/2025  6:13 PM                Desktop
d-r--          10/12/2025  6:25 PM                Documents
d-r--           10/3/2025  3:36 PM                Downloads
d-r--           1/19/2025 10:00 PM                Favorites
d-r--           1/19/2025 10:00 PM                Links
d-r--           1/19/2025 10:00 PM                Music
d----           10/7/2025  7:03 PM                mustafa
d----          10/12/2025  1:42 AM                my training
d-r--           1/19/2025 10:03 PM                OneDrive
d-r--            3/5/2025  9:39 PM                Pictures
d----            3/5/2025  4:11 PM                python
d-r--           1/19/2025 10:00 PM                Saved Games
d-r--           10/3/2025  4:13 PM                Searches
d-r--           3/21/2025 10:30 PM                Videos
-a---           1/31/2025 12:35 AM             15 first.py

PS C:\Users\salah_kandil> cd "my training"
PS C:\Users\salah_kandil\my training> ls

    Directory: C:\Users\salah_kandil\my training

Mode                 LastWriteTime         Length Name
----                 -------------         ------ ----
-a---          10/12/2025  2:48 AM           2371 1mine.py
-a---          10/12/2025  2:48 AM             29 1s.py
-a---          10/12/2025  2:29 AM            384 1train.py
-a---          10/14/2025  8:12 PM           1672 2nd.py

PS C:\Users\salah_kandil\my training> git init
Initialized empty Git repository in C:/Users/salah_kandil/my training/.git/
PS C:\Users\salah_kandil\my training> git status
On branch master

No commits yet

Untracked files:
  (use "git add <file>..." to include in what will be committed)
        1mine.py
        1s.py
        1train.py
        2nd.py

nothing added to commit but untracked files present (use "git add" to track)
PS C:\Users\salah_kandil\my training> git add 2nd.py
PS C:\Users\salah_kandil\my training> git status
On branch master

No commits yet

Changes to be committed:
  (use "git rm --cached <file>..." to unstage)
        new file:   2nd.py

Untracked files:
  (use "git add <file>..." to include in what will be committed)
        1mine.py
        1s.py
        1train.py

PS C:\Users\salah_kandil\my training> git add .
PS C:\Users\salah_kandil\my training> git status
On branch master

No commits yet

Changes to be committed:
  (use "git rm --cached <file>..." to unstage)
        new file:   1mine.py
        new file:   1s.py
        new file:   1train.py
        new file:   2nd.py

PS C:\Users\salah_kandil\my training> git commit -m "added my first 4 files"
Author identity unknown

*** Please tell me who you are.

Run

  git config --global user.email "you@example.com"
  git config --global user.name "Your Name"

to set your account's default identity.
Omit --global to set the identity only in this repository.

fatal: unable to auto-detect email address (got 'salah_kandil@Salah.(none)')
PS C:\Users\salah_kandil\my training> git config --global user.email "sa0kandil@gmail.com"
PS C:\Users\salah_kandil\my training> git config --global user.name "SalahAhmedHamedKandil"
PS C:\Users\salah_kandil\my training> git commit -m "added my first 4 files"
[master (root-commit) 3a142d3] added my first 4 files
 4 files changed, 157 insertions(+)
 create mode 100644 1mine.py
 create mode 100644 1s.py
 create mode 100644 1train.py
 create mode 100644 2nd.py
PS C:\Users\salah_kandil\my training> git remote add origin https://github.com/SalahAhmedHamedKandil/learn_python.git
PS C:\Users\salah_kandil\my training> git push -u origin main
error: src refspec main does not match any
error: failed to push some refs to 'https://github.com/SalahAhmedHamedKandil/learn_python.git'
PS C:\Users\salah_kandil\my training> git branch main
PS C:\Users\salah_kandil\my training> git checkout main
Switched to branch 'main'
PS C:\Users\salah_kandil\my training> git push -u origin main
info: please complete authentication in your browser...
Enumerating objects: 6, done.
Counting objects: 100% (6/6), done.
Delta compression using up to 4 threads
Compressing objects: 100% (5/5), done.
Writing objects: 100% (6/6), 1.92 KiB | 131.00 KiB/s, done.
Total 6 (delta 0), reused 0 (delta 0), pack-reused 0 (from 0)
To https://github.com/SalahAhmedHamedKandil/learn_python.git
 * [new branch]      main -> main
branch 'main' set up to track 'origin/main'.
PS C:\Users\salah_kandil\my training> git status
On branch main
Your branch is up to date with 'origin/main'.

Changes not staged for commit:
  (use "git add <file>..." to update what will be committed)
  (use "git restore <file>..." to discard changes in working directory)
        modified:   2nd.py

no changes added to commit (use "git add" and/or "git commit -a")
PS C:\Users\salah_kandil\my training> git branch modified_2nd
PS C:\Users\salah_kandil\my training> git add .
PS C:\Users\salah_kandil\my training> git commit -m "mod 2nd"
[main ebf023d] mod 2nd
 1 file changed, 1 insertion(+), 1 deletion(-)
PS C:\Users\salah_kandil\my training> git push -u origin modified_2nd
Total 0 (delta 0), reused 0 (delta 0), pack-reused 0 (from 0)
remote:
remote: Create a pull request for 'modified_2nd' on GitHub by visiting:
remote:      https://github.com/SalahAhmedHamedKandil/learn_python/pull/new/modified_2nd
remote:
To https://github.com/SalahAhmedHamedKandil/learn_python.git
 * [new branch]      modified_2nd -> modified_2nd
branch 'modified_2nd' set up to track 'origin/modified_2nd'.
PS C:\Users\salah_kandil\my training>